// Jest Snapshot v1, https://goo.gl/fbAQLP

exports[`Step should not render without children as a function 1`] = `null`;
