// Jest Snapshot v1, https://goo.gl/fbAQLP

exports[`Buttons styles should render with default styles 1`] = `
.circuit-21 {
  display: -webkit-box;
  display: -webkit-flex;
  display: -ms-flexbox;
  display: flex;
  -webkit-align-items: center;
  -webkit-box-align: center;
  -ms-flex-align: center;
  align-items: center;
  -webkit-box-pack: center;
  -webkit-justify-content: center;
  -ms-flex-pack: center;
  justify-content: center;
}

.circuit-3 {
  background-color: #FAFBFC;
  border-color: #D8DDE1;
  border-radius: 4px;
  border-style: solid;
  border-width: 1px;
  box-shadow: inset 0 1px 0 1px rgba(255,255,255,0.06);
  display: block;
  color: #5C656F;
  cursor: pointer;
  font-weight: 700;
  width: auto;
  height: auto;
  text-align: center;
  -webkit-text-decoration: none;
  text-decoration: none;
  font-size: 16px;
  line-height: 24px;
  padding: calc(8px - 0px) calc(24px - 0px);
  background-color: #D8DDE1;
  width: 32px;
  height: 32px;
  padding: 0;
  overflow: hidden;
  border-radius: 50%;
  margin-left: 8px;
}

.circuit-3:active {
  background-color: #D8DDE1;
  border-color: #9DA7B1;
  box-shadow: inset 0 4px 8px 0 rgba(12,15,20,0.3);
}

.circuit-3:focus {
  border-color: #9DA7B1;
  border-width: 2px;
  outline: 0;
  padding: calc(8px - 1px) calc(24px - 1px);
}

.circuit-3:hover {
  background-color: #D8DDE1;
}

.circuit-3:hover,
.circuit-3:active {
  border-color: #9DA7B1;
  border-width: 1px;
  padding: calc(8px - 0px) calc(24px - 0px);
}

.circuit-3[href] {
  display: inline-block;
}

.circuit-3:disabled,
.circuit-3[disabled] {
  opacity: 0.4;
  pointer-events: none;
  -webkit-user-selectable: none;
  -moz-user-selectable: none;
  -ms-user-selectable: none;
  user-selectable: none;
}

.circuit-3:first-of-type {
  margin-left: 0;
}

.circuit-3:active,
.circuit-3:focus,
.circuit-3:hover {
  padding: 0;
}

@media (max-width:479px) {
  .circuit-3 {
    width: 24px;
    height: 24px;
  }

  .circuit-3 svg {
    width: 25%;
  }
}

.circuit-0 {
  display: -webkit-box;
  display: -webkit-flex;
  display: -ms-flexbox;
  display: flex;
  -webkit-box-pack: center;
  -webkit-justify-content: center;
  -ms-flex-pack: center;
  justify-content: center;
  -webkit-align-items: center;
  -webkit-box-align: center;
  -ms-flex-align: center;
  align-items: center;
}

.circuit-14 {
  background-color: #FAFBFC;
  border-color: #D8DDE1;
  border-radius: 4px;
  border-style: solid;
  border-width: 1px;
  box-shadow: inset 0 1px 0 1px rgba(255,255,255,0.06);
  display: block;
  color: #5C656F;
  cursor: pointer;
  font-weight: 700;
  width: auto;
  height: auto;
  text-align: center;
  -webkit-text-decoration: none;
  text-decoration: none;
  font-size: 16px;
  line-height: 24px;
  padding: calc(8px - 0px) calc(24px - 0px);
  background-color: #D8DDE1;
  width: 32px;
  height: 32px;
  padding: 0;
  overflow: hidden;
  border-radius: 50%;
  margin-left: 8px;
  -webkit-transform: rotate(180deg);
  -ms-transform: rotate(180deg);
  transform: rotate(180deg);
}

.circuit-14:active {
  background-color: #D8DDE1;
  border-color: #9DA7B1;
  box-shadow: inset 0 4px 8px 0 rgba(12,15,20,0.3);
}

.circuit-14:focus {
  border-color: #9DA7B1;
  border-width: 2px;
  outline: 0;
  padding: calc(8px - 1px) calc(24px - 1px);
}

.circuit-14:hover {
  background-color: #D8DDE1;
}

.circuit-14:hover,
.circuit-14:active {
  border-color: #9DA7B1;
  border-width: 1px;
  padding: calc(8px - 0px) calc(24px - 0px);
}

.circuit-14[href] {
  display: inline-block;
}

.circuit-14:disabled,
.circuit-14[disabled] {
  opacity: 0.4;
  pointer-events: none;
  -webkit-user-selectable: none;
  -moz-user-selectable: none;
  -ms-user-selectable: none;
  user-selectable: none;
}

.circuit-14:first-of-type {
  margin-left: 0;
}

.circuit-14:active,
.circuit-14:focus,
.circuit-14:hover {
  padding: 0;
}

@media (max-width:479px) {
  .circuit-14 {
    width: 24px;
    height: 24px;
  }

  .circuit-14 svg {
    width: 25%;
  }
}

<div
  class="circuit-21 circuit-22"
>
  <button
    aria-label="pause"
    class="circuit-2 circuit-3 circuit-4"
  >
    <div
      class="circuit-0 circuit-1"
    >
      <div>
        pause.svg
      </div>
    </div>
  </button>
  <button
    aria-label="play"
    class="circuit-2 circuit-3 circuit-4"
  >
    <div
      class="circuit-0 circuit-1"
    >
      <div>
        play.svg
      </div>
    </div>
  </button>
  <button
    class="circuit-12 circuit-2 circuit-14 circuit-4"
  >
    <div
      class="circuit-0 circuit-1"
    >
      <div>
        arrow.svg
      </div>
    </div>
  </button>
  <button
    class="circuit-2 circuit-3 circuit-4"
  >
    <div
      class="circuit-0 circuit-1"
    >
      <div>
        arrow.svg
      </div>
    </div>
  </button>
</div>
`;
